#
# There is insufficient memory for the Java Runtime Environment to continue.
# Native memory allocation (mmap) failed to map 266338304 bytes for G1 virtual space
# Possible reasons:
#   The system is out of physical RAM or swap space
#   The process is running with CompressedOops enabled, and the Java Heap may be blocking the growth of the native heap
# Possible solutions:
#   Reduce memory load on the system
#   Increase physical memory or swap space
#   Check if swap backing store is full
#   Decrease Java heap size (-Xmx/-Xms)
#   Decrease number of Java threads
#   Decrease Java thread stack sizes (-Xss)
#   Set larger code cache with -XX:ReservedCodeCacheSize=
#   JVM is running with Zero Based Compressed Oops mode in which the Java heap is
#     placed in the first 32GB address space. The Java Heap base address is the
#     maximum limit for the native heap growth. Please use -XX:HeapBaseMinAddress
#     to set the Java Heap base and to place the Java Heap above 32GB virtual address.
# This output file may be truncated or incomplete.
#
#  Out of Memory Error (os_windows.cpp:3469), pid=18416, tid=10888
#
# JRE version:  (17.0.1+12) (build )
# Java VM: Java HotSpot(TM) 64-Bit Server VM (17.0.1+12-LTS-39, mixed mode, sharing, tiered, compressed oops, compressed class ptrs, g1 gc, windows-amd64)
# No core dump will be written. Minidumps are not enabled by default on client versions of Windows
#

---------------  S U M M A R Y ------------

Command Line: -ea -Dfile.encoding=UTF-8 -XX:+ShowCodeDetailsInExceptionMessages org.eclipse.jdt.internal.junit.runner.RemoteTestRunner -version 3 -port 56423 -testLoaderClass org.eclipse.jdt.internal.junit5.runner.JUnit5TestLoader -loaderpluginname org.eclipse.jdt.junit5.runtime -classNames com.trademanager.TradeOrderManagerTest

Host: 11th Gen Intel(R) Core(TM) i5-1135G7 @ 2.40GHz, 8 cores, 15G,  Windows 10 , 64 bit Build 26100 (10.0.26100.7019)
Time: Thu Mar  5 21:46:55 2026 Eastern Standard Time elapsed time: 0.009337 seconds (0d 0h 0m 0s)

---------------  T H R E A D  ---------------

Current thread (0x0000023d790155d0):  JavaThread "Unknown thread" [_thread_in_vm, id=10888, stack(0x0000006687000000,0x0000006687100000)]

Stack: [0x0000006687000000,0x0000006687100000]
Native frames: (J=compiled Java code, j=interpreted, Vv=VM code, C=native code)
V  [jvm.dll+0x66fa1a]
V  [jvm.dll+0x7ce5a4]
V  [jvm.dll+0x7cfd4e]
V  [jvm.dll+0x7d03b3]
V  [jvm.dll+0x242b05]
V  [jvm.dll+0x66ca39]
V  [jvm.dll+0x661502]
V  [jvm.dll+0x30081b]
V  [jvm.dll+0x307da6]
V  [jvm.dll+0x357a1e]
V  [jvm.dll+0x357c4f]
V  [jvm.dll+0x2d7ad8]
V  [jvm.dll+0x2d8a44]
V  [jvm.dll+0x7a01e1]
V  [jvm.dll+0x365791]
V  [jvm.dll+0x77f6cc]
V  [jvm.dll+0x3e812f]
V  [jvm.dll+0x3e9bd1]
C  [jli.dll+0x527b]
C  [ucrtbase.dll+0x37b0]
C  [KERNEL32.DLL+0x2e8d7]
C  [ntdll.dll+0x8c53c]


---------------  P R O C E S S  ---------------

Threads class SMR info:
_java_thread_list=0x00007ff8a85c7818, length=0, elements={
}

Java Threads: ( => current thread )

Other Threads:
  0x0000023d79064340 GCTaskThread "GC Thread#0" [stack: 0x0000006687100000,0x0000006687200000] [id=19500]
  0x0000023d79076e00 ConcurrentGCThread "G1 Main Marker" [stack: 0x0000006687200000,0x0000006687300000] [id=2224]
  0x0000023d79077720 ConcurrentGCThread "G1 Conc#0" [stack: 0x0000006687300000,0x0000006687400000] [id=17164]

[error occurred during error reporting (printing all threads), id 0xc0000005, EXCEPTION_ACCESS_VIOLATION (0xc0000005) at pc=0x00007ff8a7e184b7]

VM state: not at safepoint (not fully initialized)

VM Mutex/Monitor currently owned by a thread:  ([mutex/lock_event])
[0x0000023d790105b0] Heap_lock - owner thread: 0x0000023d790155d0

Heap address: 0x0000000703a00000, size: 4038 MB, Compressed Oops mode: Zero based, Oop shift amount: 3

CDS archive(s) mapped at: [0x0000000000000000-0x0000000000000000-0x0000000000000000), size 0, SharedBaseAddress: 0x0000000800000000, ArchiveRelocationMode: 0.
Narrow klass base: 0x0000000000000000, Narrow klass shift: 0, Narrow klass range: 0x0

GC Precious Log:
<Empty>

Heap:
 garbage-first heap   total 0K, used 0K [0x0000000703a00000, 0x0000000800000000)
  region size 2048K, 0 young (0K), 0 survivors (0K)

[error occurred during error reporting (printing heap information), id 0xc0000005, EXCEPTION_ACCESS_VIOLATION (0xc0000005) at pc=0x00007ff8a81f8d89]

GC Heap History (0 events):
No events

Deoptimization events (0 events):
No events

Classes unloaded (0 events):
No events

Classes redefined (0 events):
No events

Internal exceptions (0 events):
No events

VM Operations (0 events):
No events

Events (1 events):
Event: 0.006 Loaded shared library C:\Program Files\Java\jdk-17.0.1\bin\java.dll


Dynamic libraries:
0x00007ff64f1a0000 - 0x00007ff64f1b0000 	C:\Program Files\Java\jdk-17.0.1\bin\javaw.exe
0x00007ff96b9c0000 - 0x00007ff96bc28000 	C:\WINDOWS\SYSTEM32\ntdll.dll
0x00007ff96a3c0000 - 0x00007ff96a489000 	C:\WINDOWS\System32\KERNEL32.DLL
0x00007ff969360000 - 0x00007ff969758000 	C:\WINDOWS\System32\KERNELBASE.dll
0x00007ff968f40000 - 0x00007ff96908b000 	C:\WINDOWS\System32\ucrtbase.dll
0x00007ff8db9d0000 - 0x00007ff8db9ea000 	C:\Program Files\Java\jdk-17.0.1\bin\VCRUNTIME140.dll
0x00007ff8dab60000 - 0x00007ff8dab78000 	C:\Program Files\Java\jdk-17.0.1\bin\jli.dll
0x00007ff96a300000 - 0x00007ff96a3b4000 	C:\WINDOWS\System32\ADVAPI32.dll
0x00007ff969800000 - 0x00007ff9698a9000 	C:\WINDOWS\System32\msvcrt.dll
0x00007ff96b1d0000 - 0x00007ff96b276000 	C:\WINDOWS\System32\sechost.dll
0x00007ff969a00000 - 0x00007ff969b18000 	C:\WINDOWS\System32\RPCRT4.dll
0x00007ff96b2c0000 - 0x00007ff96b487000 	C:\WINDOWS\System32\USER32.dll
0x00007ff969150000 - 0x00007ff969177000 	C:\WINDOWS\System32\win32u.dll
0x00007ff949f80000 - 0x00007ff94a214000 	C:\WINDOWS\WinSxS\amd64_microsoft.windows.common-controls_6595b64144ccf1df_6.0.26100.7019_none_3e06ffa0e335b8a8\COMCTL32.dll
0x00007ff96b280000 - 0x00007ff96b2ab000 	C:\WINDOWS\System32\GDI32.dll
0x00007ff969180000 - 0x00007ff9692ac000 	C:\WINDOWS\System32\gdi32full.dll
0x00007ff9692b0000 - 0x00007ff969353000 	C:\WINDOWS\System32\msvcp_win.dll
0x00007ff9547e0000 - 0x00007ff9547eb000 	C:\WINDOWS\SYSTEM32\VERSION.dll
0x00007ff969770000 - 0x00007ff9697a1000 	C:\WINDOWS\System32\IMM32.DLL
0x00007ff8f39f0000 - 0x00007ff8f39fc000 	C:\Program Files\Java\jdk-17.0.1\bin\vcruntime140_1.dll
0x00007ff8d0d30000 - 0x00007ff8d0dbd000 	C:\Program Files\Java\jdk-17.0.1\bin\msvcp140.dll
0x00007ff8a7b30000 - 0x00007ff8a86ee000 	C:\Program Files\Java\jdk-17.0.1\bin\server\jvm.dll
0x00007ff96b2b0000 - 0x00007ff96b2b8000 	C:\WINDOWS\System32\PSAPI.DLL
0x00007ff954950000 - 0x00007ff95495a000 	C:\WINDOWS\SYSTEM32\WSOCK32.dll
0x00007ff96af20000 - 0x00007ff96af94000 	C:\WINDOWS\System32\WS2_32.dll
0x00007ff95da40000 - 0x00007ff95da75000 	C:\WINDOWS\SYSTEM32\WINMM.dll
0x00007ff9678d0000 - 0x00007ff9678eb000 	C:\WINDOWS\SYSTEM32\kernel.appcore.dll
0x00007ff954b80000 - 0x00007ff954b8a000 	C:\Program Files\Java\jdk-17.0.1\bin\jimage.dll
0x00007ff9661f0000 - 0x00007ff966432000 	C:\WINDOWS\SYSTEM32\DBGHELP.DLL
0x00007ff96a670000 - 0x00007ff96a9fb000 	C:\WINDOWS\System32\combase.dll
0x00007ff96b490000 - 0x00007ff96b567000 	C:\WINDOWS\System32\OLEAUT32.dll
0x00007ff941df0000 - 0x00007ff941e2c000 	C:\WINDOWS\SYSTEM32\dbgcore.DLL
0x00007ff968e90000 - 0x00007ff968f35000 	C:\WINDOWS\System32\bcryptPrimitives.dll
0x00007ff8d9f90000 - 0x00007ff8d9fb5000 	C:\Program Files\Java\jdk-17.0.1\bin\java.dll

dbghelp: loaded successfully - version: 4.0.5 - missing functions: none
symbol engine: initialized successfully - sym options: 0x614 - pdb path: .;C:\Program Files\Java\jdk-17.0.1\bin;C:\WINDOWS\SYSTEM32;C:\WINDOWS\WinSxS\amd64_microsoft.windows.common-controls_6595b64144ccf1df_6.0.26100.7019_none_3e06ffa0e335b8a8;C:\Program Files\Java\jdk-17.0.1\bin\server

VM Arguments:
jvm_args: -ea -Dfile.encoding=UTF-8 -XX:+ShowCodeDetailsInExceptionMessages 
java_command: org.eclipse.jdt.internal.junit.runner.RemoteTestRunner -version 3 -port 56423 -testLoaderClass org.eclipse.jdt.internal.junit5.runner.JUnit5TestLoader -loaderpluginname org.eclipse.jdt.junit5.runtime -classNames com.trademanager.TradeOrderManagerTest
java_class_path (initial): D:\TradeOrderManager\TradeOrderManager\target\test-classes;D:\TradeOrderManager\TradeOrderManager\target\classes;C:\Users\saibh\.m2\repository\com\h2database\h2\2.2.224\h2-2.2.224.jar;C:\Users\saibh\.m2\repository\org\junit\jupiter\junit-jupiter\5.10.0\junit-jupiter-5.10.0.jar;C:\Users\saibh\.m2\repository\org\junit\jupiter\junit-jupiter-api\5.10.0\junit-jupiter-api-5.10.0.jar;C:\Users\saibh\.m2\repository\org\opentest4j\opentest4j\1.3.0\opentest4j-1.3.0.jar;C:\Users\saibh\.m2\repository\org\junit\platform\junit-platform-commons\1.10.0\junit-platform-commons-1.10.0.jar;C:\Users\saibh\.m2\repository\org\apiguardian\apiguardian-api\1.1.2\apiguardian-api-1.1.2.jar;C:\Users\saibh\.m2\repository\org\junit\jupiter\junit-jupiter-params\5.10.0\junit-jupiter-params-5.10.0.jar;C:\Users\saibh\.m2\repository\org\junit\jupiter\junit-jupiter-engine\5.10.0\junit-jupiter-engine-5.10.0.jar;C:\Users\saibh\.m2\repository\org\junit\platform\junit-platform-engine\1.10.0\junit-platform-engine-1.10.0.jar;C:\Users\saibh\.m2\repository\org\junit\platform\junit-platform-launcher\1.10.0\junit-platform-launcher-1.10.0.jar;C:\Users\saibh\eclipse\java-2023-03\eclipse\configuration\org.eclipse.osgi\230\0\.cp;C:\Users\saibh\eclipse\java-2023-03\eclipse\configuration\org.eclipse.osgi\228\0\.cp
Launcher Type: SUN_STANDARD

[Global flags]
     intx CICompilerCount                          = 4                                         {product} {ergonomic}
     uint ConcGCThreads                            = 2                                         {product} {ergonomic}
     uint G1ConcRefinementThreads                  = 8                                         {product} {ergonomic}
   size_t G1HeapRegionSize                         = 2097152                                   {product} {ergonomic}
    uintx GCDrainStackTargetSize                   = 64                                        {product} {ergonomic}
   size_t InitialHeapSize                          = 266338304                                 {product} {ergonomic}
   size_t MarkStackSize                            = 4194304                                   {product} {ergonomic}
   size_t MaxHeapSize                              = 4234149888                                {product} {ergonomic}
   size_t MinHeapDeltaBytes                        = 2097152                                   {product} {ergonomic}
   size_t MinHeapSize                              = 8388608                                   {product} {ergonomic}
    uintx NonNMethodCodeHeapSize                   = 5839372                                {pd product} {ergonomic}
    uintx NonProfiledCodeHeapSize                  = 122909434                              {pd product} {ergonomic}
    uintx ProfiledCodeHeapSize                     = 122909434                              {pd product} {ergonomic}
    uintx ReservedCodeCacheSize                    = 251658240                              {pd product} {ergonomic}
     bool SegmentedCodeCache                       = true                                      {product} {ergonomic}
     bool ShowCodeDetailsInExceptionMessages       = true                                   {manageable} {command line}
   size_t SoftMaxHeapSize                          = 4234149888                             {manageable} {ergonomic}
     bool UseCompressedClassPointers               = true                           {product lp64_product} {ergonomic}
     bool UseCompressedOops                        = true                           {product lp64_product} {ergonomic}
     bool UseG1GC                                  = true                                      {product} {ergonomic}
     bool UseLargePagesIndividualAllocation        = false                                  {pd product} {ergonomic}

Logging:
Log output configuration:
 #0: stdout all=warning uptime,level,tags
 #1: stderr all=off uptime,level,tags

Environment Variables:
JAVA_HOME=C:\Program Files\Microsoft\jdk-11.0.18.10-hotspot\
PATH=C:/Program Files/Java/jdk-17.0.1/bin/server;C:/Program Files/Java/jdk-17.0.1/bin;C:\Program Files\Microsoft\jdk-11.0.18.10-hotspot\bin;C:\Program Files\Eclipse Adoptium\jdk-17.0.3.7-hotspot\bin;C:\Program Files\Common Files\Oracle\Java\javapath;C:\WINDOWS\system32;C:\WINDOWS;C:\WINDOWS\System32\Wbem;C:\WINDOWS\System32\WindowsPowerShell\v1.0\;C:\WINDOWS\System32\OpenSSH\;C:\Program Files\Java\jdk-17.0.1\bin;C:\Program Files\MySQL\MySQL Server 8.0\bin;C:\Program Files\Git\cmd;C:\ProgramData\chocolatey\bin;C:\Program Files\nodejs\;C:\Program Files\HP\HP One Agent;C:\WINDOWS\system32;C:\WINDOWS;C:\WINDOWS\System32\Wbem;C:\WINDOWS\System32\WindowsPowerShell\v1.0\;C:\WINDOWS\System32\OpenSSH\;C:\Program Files\Docker\Docker\resources\bin;D:\Riot Games\cursor\resources\app\bin;C:\Program Files\MySQL\MySQL Shell 8.0\bin\;C:\Users\saibh\AppData\Local\Microsoft\WindowsApps;C:\Program Files\Java\jdk-17.0.1\bin;C:\Users\saibh\AppData\Local\Programs\Microsoft VS Code\bin;C:\Users\saibh\AppData\Roaming\npm;C:\Users\saibh\AppData\Local\Android\Sdk\platform-tools;C:\WINDOWS\system32;
USERNAME=Sai Bhavesh
OS=Windows_NT
PROCESSOR_IDENTIFIER=Intel64 Family 6 Model 140 Stepping 1, GenuineIntel



---------------  S Y S T E M  ---------------

OS:
 Windows 10 , 64 bit Build 26100 (10.0.26100.7019)
OS uptime: 1 days 7:05 hours
Hyper-V role detected

CPU: total 8 (initial active 8) (4 cores per cpu, 2 threads per core) family 6 model 140 stepping 1 microcode 0x9a, cx8, cmov, fxsr, ht, mmx, 3dnowpref, sse, sse2, sse3, ssse3, sse4.1, sse4.2, popcnt, lzcnt, tsc, tscinvbit, avx, avx2, aes, erms, clmul, bmi1, bmi2, adx, avx512f, avx512dq, avx512cd, avx512bw, avx512vl, sha, fma, vzeroupper, avx512_vpopcntdq, avx512_vpclmulqdq, avx512_vaes, avx512_vnni, clflush, clflushopt, clwb, avx512_vbmi2, avx512_vbmi, hv

Memory: 4k page, system-wide physical 16149M (4235M free)
TotalPageFile size 16884M (AvailPageFile size 218M)
current process WorkingSet (physical memory assigned to process): 12M, peak: 12M
current process commit charge ("private bytes"): 60M, peak: 314M

vm_info: Java HotSpot(TM) 64-Bit Server VM (17.0.1+12-LTS-39) for windows-amd64 JRE (17.0.1+12-LTS-39), built on Sep 27 2021 18:41:35 by "mach5one" with MS VC++ 16.8 (VS2019)

END.
